31:18-31:29
compiler-goals/?literal-ok
  --- context ---
  n : Nat
  σ : StackShape
  stk : Stack σ
  --- target ---
  (exec ((PUSH n) ⍮ empty) stk) = (cons n stk) (i.e. Id (exec (prepend (PUSH n) empty) stk) (cons n stk))

39:12-39:23
compiler-goals/?add-step-1
  --- context ---
  x : ImplementedNat
  y : ImplementedNat
  σ : StackShape
  stk : Stack σ
  --- target ---
  (exec ((y.prog) ⍮* ((x.prog) ⍮* (ADD ⍮ empty))) stk) = (exec ((x.prog) ⍮* (ADD ⍮ empty)) (exec (y.prog) stk)) (i.e. Id (exec (concat-program (y.prog) (concat-program (x.prog) (prepend ADD empty))) stk) (exec (concat-program (x.prog) (prepend ADD empty)) (exec (y.prog) stk)))

43:12-43:23
compiler-goals/?add-step-3
  --- context ---
  x : ImplementedNat
  y : ImplementedNat
  σ : StackShape
  stk : Stack σ
  --- target ---
  (exec (ADD ⍮ empty) (exec (x.prog) (exec (y.prog) stk))) = (exec (ADD ⍮ empty) (exec (x.prog) (cons (y.value) stk))) (i.e. Id (exec (prepend ADD empty) (exec (x.prog) (exec (y.prog) stk))) (exec (prepend ADD empty) (exec (x.prog) (cons (y.value) stk))))

54:22-54:29
compiler-goals/?mul-ok
  --- context ---
  x : ImplementedNat
  y : ImplementedNat
  σ : StackShape
  stk : Stack σ
  --- target ---
  (exec ((y.prog) ⍮* ((x.prog) ⍮* (MUL ⍮ empty))) stk) = (cons ((x.value) * (y.value)) stk) (i.e. Id (exec (concat-program (y.prog) (concat-program (x.prog) (prepend MUL empty))) stk) (cons (mul (x.value) (y.value)) stk))

60:26-60:38
compiler-goals/?compile-add
  --- context ---
  T : universe U
  t : Term T
  t : Term Nat
  compile t : ImplementedNat
  u : Term Nat
  compile u : ImplementedNat
  --- target ---
  ImplementedNat
